<?xml version="1.0" encoding="UTF-8"?>
<testsuites name="jest tests" tests="10" failures="0" errors="0" time="5.028">
  <testsuite name="Book Management API Test" errors="0" failures="0" skipped="0" timestamp="2025-09-08T16:20:45" time="4.051" tests="10">
    <testcase classname="Book Management API Test 01 - Check Health Status" name="Book Management API Test 01 - Check Health Status" time="0.118">
    </testcase>
    <testcase classname="Book Management API Test 02 - Sign up a new user" name="Book Management API Test 02 - Sign up a new user" time="0.39">
    </testcase>
    <testcase classname="Book Management API Test 03 - Login with Created User and receive Access Token" name="Book Management API Test 03 - Login with Created User and receive Access Token" time="0.283">
    </testcase>
    <testcase classname="Book Management API Test 04 - Create a new book Data" name="Book Management API Test 04 - Create a new book Data" time="0.095">
    </testcase>
    <testcase classname="Book Management API Test 05 - Update Book Data Values" name="Book Management API Test 05 - Update Book Data Values" time="0.028">
    </testcase>
    <testcase classname="Book Management API Test 06 - Get Book Details" name="Book Management API Test 06 - Get Book Details" time="0.008">
    </testcase>
    <testcase classname="Book Management API Test 07 - Get All Books Details" name="Book Management API Test 07 - Get All Books Details" time="0.017">
    </testcase>
    <testcase classname="Book Management API Test 08 - Delete Book" name="Book Management API Test 08 - Delete Book" time="0.03">
    </testcase>
    <testcase classname="Book Management API Test 09 - Trying to delete already deleted book" name="Book Management API Test 09 - Trying to delete already deleted book" time="0.012">
    </testcase>
    <testcase classname="Book Management API Test 10 - Invalid Json format" name="Book Management API Test 10 - Invalid Json format" time="0.007">
    </testcase>
  </testsuite>
</testsuites>